--------------------------------------------------------------------------------------
Timing Analyzer Summary
--------------------------------------------------------------------------------------

Type           : Worst-case tsu
Slack          : N/A
Required Time  : None
Actual Time    : 7.946 ns
From           : nreset
To             : node:uart_slave_inst|router:router_inst|bus_array_out[0][41]
From Clock     : --
To Clock       : clk
Failed Paths   : 0

Type           : Worst-case tco
Slack          : N/A
Required Time  : None
Actual Time    : 10.990 ns
From           : node:mem2_slave_inst|dummy_slave:\gen_dummy_slave:dummy_slave_inst|register_array[0][6]
To             : led[6]
From Clock     : clk
To Clock       : --
Failed Paths   : 0

Type           : Worst-case tpd
Slack          : N/A
Required Time  : None
Actual Time    : 11.065 ns
From           : switches[5]
To             : test_ledr[5]
From Clock     : --
To Clock       : --
Failed Paths   : 0

Type           : Worst-case th
Slack          : N/A
Required Time  : None
Actual Time    : -3.274 ns
From           : nreset
To             : node:router11_inst|router:router_inst|buffer_level2[4][47]
From Clock     : --
To Clock       : clk
Failed Paths   : 0

Type           : Clock Setup: 'clk'
Slack          : N/A
Required Time  : None
Actual Time    : 76.69 MHz ( period = 13.039 ns )
From           : write_buffer_reg[4]
To             : numberreg[7]
From Clock     : clk
To Clock       : clk
Failed Paths   : 0

Type           : Total number of failed paths
Slack          : 
Required Time  : 
Actual Time    : 
From           : 
To             : 
From Clock     : 
To Clock       : 
Failed Paths   : 0

--------------------------------------------------------------------------------------

